

Mon Nov 28 18:09:56 2016
Command line: TestDisk

TestDisk 7.0, Data Recovery Utility, April 2015
Christophe GRENIER <grenier@cgsecurity.org>
http://www.cgsecurity.org
OS: Linux, kernel 4.4.0-47-generic (#68-Ubuntu SMP Wed Oct 26 19:39:52 UTC 2016) x86_64
Compiler: GCC 5.3
ext2fs lib: 1.42.13, ntfs lib: libntfs-3g, reiserfs lib: none, ewf lib: none, curses lib: ncurses 6.0
/dev/sda: LBA, HPA, LBA48, DCO support
/dev/sda: size       1953525168 sectors
/dev/sda: user_max   1953525168 sectors
/dev/sda: native_max 1953525168 sectors
Warning: can't get size for Disk /dev/mapper/control - 0 B - 0 sectors, sector size=512
Hard disk list
Disk /dev/sda - 1000 GB / 931 GiB - CHS 121601 255 63, sector size=512 - ST1000DM003-1ER162, S/N:Z4Y2R5BV, FW:CC45
Disk /dev/sdb - 1000 GB / 931 GiB - CHS 121601 255 63, sector size=512 - StoreJet Transcend

Partition table type default to Intel
Disk /dev/sdb - 1000 GB / 931 GiB - StoreJet Transcend
Partition table type: EFI GPT

Analyse Disk /dev/sdb - 1000 GB / 931 GiB - CHS 121601 255 63
Bad GPT partition, invalid signature.
Trying alternate GPT
Bad GPT partition, invalid signature.
Current partition structure:
Bad GPT partition, invalid signature.
Trying alternate GPT
Bad GPT partition, invalid signature.

search_part()
Disk /dev/sdb - 1000 GB / 931 GiB - CHS 121601 255 63
Search for partition aborted

Results

interface_write()
 
No partition found or selected for recovery

search_part()
Disk /dev/sdb - 1000 GB / 931 GiB - CHS 121601 255 63
Search for partition aborted

Results

interface_write()
 
No partition found or selected for recovery
simulate write!

Analyse Disk /dev/sdb - 1000 GB / 931 GiB - CHS 121601 255 63
Bad GPT partition, invalid signature.
Trying alternate GPT
Bad GPT partition, invalid signature.
Current partition structure:
Bad GPT partition, invalid signature.
Trying alternate GPT
Bad GPT partition, invalid signature.

search_part()
Disk /dev/sdb - 1000 GB / 931 GiB - CHS 121601 255 63
SIGINT detected! TestDisk has been killed.
